---
Traceback (most recent call last):
  File "/app/build/fbcode_builder/getdeps/runcmd.py", line 109, in _run_cmd
    p = subprocess.Popen(
  File "/usr/lib/python3.10/subprocess.py", line 971, in __init__
    self._execute_child(args, executable, preexec_fn, close_fds,
+ sudo \
+      --preserve-env=http_proxy \
+      apt-get \
+      install \
+      -y \
+      autoconf \
+      automake \
+      binutils-dev \
+      cmake \
+      libboost-all-dev \
+      libdouble-conversion-dev \
+      libdwarf-dev \
+      libevent-dev \
+      libgflags-dev \
+      liblz4-dev \
+      libsnappy-dev \
  File "/usr/lib/python3.10/subprocess.py", line 1863, in _execute_child
+      libsodium-dev \
+      libtool \
+      libzstd-dev \
+      ninja-build \
+      zlib1g-dev \
+      zstd
    raise child_exception_type(errno_num, err_msg, err_filename)
error running `sudo \
FileNotFoundError: [Errno 2] No such file or directory: 'sudo'
+      --preserve-env=http_proxy \

+      apt-get \
During handling of the above exception, another exception occurred:
+      install \

+      -y \
Traceback (most recent call last):
+      autoconf \
+      automake \
+      binutils-dev \
+      cmake \
+      libboost-all-dev \
+      libdouble-conversion-dev \
+      libdwarf-dev \
+      libevent-dev \
+      libgflags-dev \
+      liblz4-dev \
  File "/app/build/fbcode_builder/getdeps.py", line 1603, in <module>
+      libsnappy-dev \
    sys.exit(main())
+      libsodium-dev \
  File "/app/build/fbcode_builder/getdeps.py", line 1586, in main
+      libtool \
+      libzstd-dev \
+      ninja-build \
+      zlib1g-dev \
    return args.func(args)
  File "/app/build/fbcode_builder/getdeps.py", line 108, in run
    self.run_project_cmd(args, loader, manifest)
  File "/app/build/fbcode_builder/getdeps.py", line 475, in run_project_cmd
    check_cmd(cmd_args)
  File "/app/build/fbcode_builder/getdeps/runcmd.py", line 47, in check_cmd
    rc = run_cmd(cmd, **kwargs)
  File "/app/build/fbcode_builder/getdeps/runcmd.py", line 67, in run_cmd
    return _run_cmd(
  File "/app/build/fbcode_builder/getdeps/runcmd.py", line 114, in _run_cmd
    raise RunCommandError(
getdeps.runcmd.RunCommandError: [Errno 2] No such file or directory: 'sudo' while running `sudo \
+      --preserve-env=http_proxy \
+      apt-get \
+      install \
+      -y \
+      autoconf \
+      automake \
+      binutils-dev \
+      cmake \
+      libboost-all-dev \
+      libdouble-conversion-dev \
+      libdwarf-dev \
+      libevent-dev \
+      libgflags-dev \
+      liblz4-dev \
+      libsnappy-dev \
+      libsodium-dev \
+      libtool \
+      libzstd-dev \
+      ninja-build \
+      zlib1g-dev \
+      zstd` with env=None
os.environ=environ({'HOSTNAME': '8756139e68b5', 'PWD': '/app', 'TZ': 'America/Los_Angeles', 'HOME': '/root', 'SHLVL': '1', 'PATH': '/usr/local/sbin:/usr/local/bin:/usr/sbin:/usr/bin:/sbin:/bin', '_': '/usr/bin/python3', 'LC_CTYPE': 'C.UTF-8', 'GETDEPS_CMAKE_DEFINES': ''})
+      zstd`: [Errno 2] No such file or directory: 'sudo'
