---
+ sudo \
+      --preserve-env=http_proxy \
+      apt-get \
+      install \
+      -y \
+      autoconf \
+      automake \
+      binutils-dev \
Traceback (most recent call last):
  File "/app/build/fbcode_builder/getdeps/runcmd.py", line 109, in _run_cmd
    p = subprocess.Popen(
  File "/usr/lib/python3.10/subprocess.py", line 971, in __init__
    self._execute_child(args, executable, preexec_fn, close_fds,
+      cmake \
+      libboost-all-dev \
+      libdouble-conversion-dev \
+      libdwarf-dev \
+      libevent-dev \
+      libgflags-dev \
  File "/usr/lib/python3.10/subprocess.py", line 1863, in _execute_child
    raise child_exception_type(errno_num, err_msg, err_filename)
FileNotFoundError: [Errno 2] No such file or directory: 'sudo'

During handling of the above exception, another exception occurred:

Traceback (most recent call last):
  File "/app/build/fbcode_builder/getdeps.py", line 1603, in <module>
+      liblz4-dev \
+      libpcre2-dev \
+      libsnappy-dev \
+      libsodium-dev \
+      libssl-dev \
+      libtool \
+      libxxhash-dev \
+      libzstd-dev \
+      ninja-build \
+      python3-setuptools \
+      xxhash \
    sys.exit(main())
  File "/app/build/fbcode_builder/getdeps.py", line 1586, in main
+      zlib1g-dev \
+      zstd
error running `sudo \
+      --preserve-env=http_proxy \
+      apt-get \
+      install \
+      -y \
    return args.func(args)
+      autoconf \
  File "/app/build/fbcode_builder/getdeps.py", line 108, in run
+      automake \
    self.run_project_cmd(args, loader, manifest)
+      binutils-dev \
  File "/app/build/fbcode_builder/getdeps.py", line 475, in run_project_cmd
+      cmake \
    check_cmd(cmd_args)
+      libboost-all-dev \
  File "/app/build/fbcode_builder/getdeps/runcmd.py", line 47, in check_cmd
+      libdouble-conversion-dev \
    rc = run_cmd(cmd, **kwargs)
+      libdwarf-dev \
  File "/app/build/fbcode_builder/getdeps/runcmd.py", line 67, in run_cmd
+      libevent-dev \
+      libgflags-dev \
+      liblz4-dev \
+      libpcre2-dev \
+      libsnappy-dev \
+      libsodium-dev \
+      libssl-dev \
    return _run_cmd(
  File "/app/build/fbcode_builder/getdeps/runcmd.py", line 114, in _run_cmd
    raise RunCommandError(
getdeps.runcmd.RunCommandError: [Errno 2] No such file or directory: 'sudo' while running `sudo \
+      libtool \
+      libxxhash-dev \
+      libzstd-dev \
+      ninja-build \
+      python3-setuptools \
+      xxhash \
+      zlib1g-dev \
+      --preserve-env=http_proxy \
+      apt-get \
+      install \
+      -y \
+      autoconf \
+      automake \
+      binutils-dev \
+      cmake \
+      libboost-all-dev \
+      libdouble-conversion-dev \
+      libdwarf-dev \
+      libevent-dev \
+      libgflags-dev \
+      liblz4-dev \
+      libpcre2-dev \
+      libsnappy-dev \
+      libsodium-dev \
+      libssl-dev \
+      libtool \
+      libxxhash-dev \
+      libzstd-dev \
+      ninja-build \
+      python3-setuptools \
+      xxhash \
+      zlib1g-dev \
+      zstd` with env=None
os.environ=environ({'HOSTNAME': '33046c2895d8', 'PWD': '/app', 'TZ': 'America/Los_Angeles', 'HOME': '/root', 'SHLVL': '1', 'PATH': '/root/.cargo/bin:/usr/local/sbin:/usr/local/bin:/usr/sbin:/usr/bin:/sbin:/bin', '_': '/usr/bin/python3', 'LC_CTYPE': 'C.UTF-8', 'GETDEPS_CMAKE_DEFINES': ''})
+      zstd`: [Errno 2] No such file or directory: 'sudo'
